#-----------------------------------------------------------
# Vivado v2017.4 (64-bit)
# SW Build 2086221 on Fri Dec 15 20:55:39 MST 2017
# IP Build 2085800 on Fri Dec 15 22:25:07 MST 2017
# Start of session at: Wed Jun  6 18:22:39 2018
# Process ID: 148668
# Current directory: C:/Users/Sofs/Documents/CR/tp7
# Command line: vivado.exe -gui_launcher_event rodinguilauncherevent146696 C:\Users\Sofs\Documents\CR\tp7\tp7.xpr
# Log file: C:/Users/Sofs/Documents/CR/tp7/vivado.log
# Journal file: C:/Users/Sofs/Documents/CR/tp7\vivado.jou
#-----------------------------------------------------------
start_gui
open_project C:/Users/Sofs/Documents/CR/tp7/tp7.xpr
update_compile_order -fileset sources_1
open_bd_design {C:/Users/Sofs/Documents/CR/tp7/tp7.srcs/sources_1/bd/design_1/design_1.bd}
report_ip_status -name ip_status 
reset_run synth_1
launch_runs impl_1 -to_step write_bitstream -jobs 4
wait_on_run impl_1
open_run synth_1 -name synth_1
set_property IOSTANDARD LVCMOS33 [get_ports [list sys_clock]]
place_ports sys_clock E3
place_ports {dip_switches_16bits_tri_i[0]} U9
place_ports {dip_switches_16bits_tri_i[1]} U8
place_ports {dip_switches_16bits_tri_i[2]} R7
place_ports {dip_switches_16bits_tri_i[3]} R6
place_ports {dip_switches_16bits_tri_i[4]} R5
place_ports {dip_switches_16bits_tri_i[5]} V7
place_ports {dip_switches_16bits_tri_i[6]} V6
place_ports {dip_switches_16bits_tri_i[7]} V5
place_ports {dip_switches_16bits_tri_i[8]} U4
place_ports {dip_switches_16bits_tri_i[9]} V2
set_property package_pin "" [get_ports [list  {dip_switches_16bits_tri_i[10]}]]
place_ports {dip_switches_16bits_tri_i[10]} U2
set_property package_pin "" [get_ports [list  {dip_switches_16bits_tri_i[12]}]]
place_ports {dip_switches_16bits_tri_i[11]} T3
place_ports {dip_switches_16bits_tri_i[12]} T1
place_ports {dip_switches_16bits_tri_i[13]} R3
place_ports {dip_switches_16bits_tri_i[14]} P3
place_ports {dip_switches_16bits_tri_i[15]} P4
set_property IOSTANDARD LVCMOS33 [get_ports [list {dip_switches_16bits_tri_i[15]} {dip_switches_16bits_tri_i[14]} {dip_switches_16bits_tri_i[13]} {dip_switches_16bits_tri_i[12]} {dip_switches_16bits_tri_i[11]} {dip_switches_16bits_tri_i[10]} {dip_switches_16bits_tri_i[9]} {dip_switches_16bits_tri_i[8]} {dip_switches_16bits_tri_i[7]} {dip_switches_16bits_tri_i[6]} {dip_switches_16bits_tri_i[5]} {dip_switches_16bits_tri_i[4]} {dip_switches_16bits_tri_i[3]} {dip_switches_16bits_tri_i[2]} {dip_switches_16bits_tri_i[1]} {dip_switches_16bits_tri_i[0]}]]
set_property IOSTANDARD LVCMOS33 [get_ports [list {led_16bits_tri_io[15]} {led_16bits_tri_io[14]} {led_16bits_tri_io[13]} {led_16bits_tri_io[12]} {led_16bits_tri_io[11]} {led_16bits_tri_io[10]} {led_16bits_tri_io[9]} {led_16bits_tri_io[8]} {led_16bits_tri_io[7]} {led_16bits_tri_io[6]} {led_16bits_tri_io[5]} {led_16bits_tri_io[4]} {led_16bits_tri_io[3]} {led_16bits_tri_io[2]} {led_16bits_tri_io[1]} {led_16bits_tri_io[0]}]]
place_ports {led_16bits_tri_io[0]} T8
place_ports {led_16bits_tri_io[1]} V9
place_ports {led_16bits_tri_io[2]} R8
place_ports {led_16bits_tri_io[3]} T6
place_ports {led_16bits_tri_io[4]} T5
place_ports {led_16bits_tri_io[5]} T4
place_ports {led_16bits_tri_io[6]} U7
place_ports {led_16bits_tri_io[7]} U6
place_ports {led_16bits_tri_io[8]} V4
place_ports {led_16bits_tri_io[9]} U3
place_ports {led_16bits_tri_io[10]} V1
place_ports {led_16bits_tri_io[11]} R1
place_ports {led_16bits_tri_io[12]} P5
place_ports {led_16bits_tri_io[13]} U1
place_ports {led_16bits_tri_io[14]} R2
place_ports {led_16bits_tri_io[15]} P2
set_property IOSTANDARD LVCMOS33 [get_ports [list {push_buttons_5bits_tri_i[4]} {push_buttons_5bits_tri_i[3]} {push_buttons_5bits_tri_i[2]} {push_buttons_5bits_tri_i[1]} {push_buttons_5bits_tri_i[0]}]]
place_ports {push_buttons_5bits_tri_i[0]} C12
place_ports {push_buttons_5bits_tri_i[1]} E16
place_ports {push_buttons_5bits_tri_i[2]} F15
place_ports {push_buttons_5bits_tri_i[3]} T16
place_ports {push_buttons_5bits_tri_i[4]} R10
place_ports {push_buttons_5bits_tri_i[4]} V10
place_ports {push_buttons_5bits_tri_i[3]} R10
place_ports {push_buttons_5bits_tri_i[2]} T16
place_ports {push_buttons_5bits_tri_i[1]} F15
place_ports {push_buttons_5bits_tri_i[0]} E16
set_property IOSTANDARD LVCMOS33 [get_ports [list reset]]
place_ports reset C12
set_property IOSTANDARD LVCMOS33 [get_ports [list usb_uart_rxd usb_uart_txd]]
place_ports usb_uart_rxd C4
place_ports usb_uart_txd D4
set_property target_constrs_file C:/Users/Sofs/Documents/CR/tp7/tp7.srcs/constrs_1/imports/Desktop/Nexys4_Master.xdc [current_fileset -constrset]
save_constraints -force
reset_run synth_1
launch_runs impl_1 -to_step write_bitstream -jobs 4
wait_on_run impl_1
close_design
open_run impl_1
close_design
open_run synth_1 -name synth_1
set_property IOSTANDARD LVCMOS33 [get_ports [list sys_clock]]
place_ports sys_clock E3
set_property IOSTANDARD LVCMOS33 [get_ports [list {dip_switches_16bits_tri_i[15]} {dip_switches_16bits_tri_i[14]} {dip_switches_16bits_tri_i[13]} {dip_switches_16bits_tri_i[12]} {dip_switches_16bits_tri_i[11]} {dip_switches_16bits_tri_i[10]} {dip_switches_16bits_tri_i[9]} {dip_switches_16bits_tri_i[8]} {dip_switches_16bits_tri_i[7]} {dip_switches_16bits_tri_i[6]} {dip_switches_16bits_tri_i[5]} {dip_switches_16bits_tri_i[4]} {dip_switches_16bits_tri_i[3]} {dip_switches_16bits_tri_i[2]} {dip_switches_16bits_tri_i[1]} {dip_switches_16bits_tri_i[0]}]]
set_property IOSTANDARD LVCMOS33 [get_ports [list {led_16bits_tri_io[15]} {led_16bits_tri_io[14]} {led_16bits_tri_io[13]} {led_16bits_tri_io[12]} {led_16bits_tri_io[11]} {led_16bits_tri_io[10]} {led_16bits_tri_io[9]} {led_16bits_tri_io[8]} {led_16bits_tri_io[7]} {led_16bits_tri_io[6]} {led_16bits_tri_io[5]} {led_16bits_tri_io[4]} {led_16bits_tri_io[3]} {led_16bits_tri_io[2]} {led_16bits_tri_io[1]} {led_16bits_tri_io[0]}]]
set_property IOSTANDARD LVCMOS33 [get_ports [list {push_buttons_5bits_tri_i[4]} {push_buttons_5bits_tri_i[3]} {push_buttons_5bits_tri_i[2]} {push_buttons_5bits_tri_i[1]} {push_buttons_5bits_tri_i[0]}]]
set_property IOSTANDARD LVCMOS33 [get_ports [list reset]]
set_property IOSTANDARD LVCMOS33 [get_ports [list usb_uart_rxd usb_uart_txd]]
set_property package_pin "" [get_ports [list  usb_uart_rxd]]
place_ports usb_uart_rxd C4
place_ports usb_uart_txd D4
set_property package_pin "" [get_ports [list  reset]]
place_ports reset C12
place_ports {push_buttons_5bits_tri_i[0]} E16
place_ports {push_buttons_5bits_tri_i[1]} F15
place_ports {push_buttons_5bits_tri_i[2]} T16
place_ports {push_buttons_5bits_tri_i[3]} R10
place_ports {push_buttons_5bits_tri_i[4]} V10
place_ports {led_16bits_tri_io[0]} T8
place_ports {led_16bits_tri_io[1]} V9
place_ports {led_16bits_tri_io[2]} R8
place_ports {led_16bits_tri_io[3]} T6
place_ports {led_16bits_tri_io[4]} T5
place_ports {led_16bits_tri_io[5]} T4
place_ports {led_16bits_tri_io[6]} U7
place_ports {led_16bits_tri_io[7]} U6
place_ports {led_16bits_tri_io[8]} V4
place_ports {led_16bits_tri_io[9]} U3
place_ports {led_16bits_tri_io[10]} V1
place_ports {led_16bits_tri_io[11]} R1
place_ports {led_16bits_tri_io[12]} P5
place_ports {led_16bits_tri_io[13]} U1
place_ports {led_16bits_tri_io[14]} R2
place_ports {led_16bits_tri_io[15]} P2
place_ports {dip_switches_16bits_tri_i[0]} U9
place_ports {dip_switches_16bits_tri_i[1]} U8
place_ports {dip_switches_16bits_tri_i[2]} R7
place_ports {dip_switches_16bits_tri_i[3]} R6
place_ports {dip_switches_16bits_tri_i[4]} R5
place_ports {dip_switches_16bits_tri_i[5]} V7
place_ports {dip_switches_16bits_tri_i[6]} V6
place_ports {dip_switches_16bits_tri_i[7]} V5
place_ports {dip_switches_16bits_tri_i[8]} U4
place_ports {dip_switches_16bits_tri_i[9]} V2
place_ports {dip_switches_16bits_tri_i[10]} U2
place_ports {dip_switches_16bits_tri_i[11]} T3
place_ports {dip_switches_16bits_tri_i[12]} T1
place_ports {dip_switches_16bits_tri_i[13]} R3
place_ports {dip_switches_16bits_tri_i[14]} P3
place_ports {dip_switches_16bits_tri_i[15]} P4
save_constraints
reset_run impl_1
launch_runs impl_1 -jobs 4
wait_on_run impl_1
close_design
open_run synth_1 -name synth_1
close_design
launch_runs impl_1 -to_step write_bitstream -jobs 4
wait_on_run impl_1
file copy -force C:/Users/Sofs/Documents/CR/tp7/tp7.runs/impl_1/design_1_wrapper.sysdef C:/Users/Sofs/Documents/CR/tp7/tp7.sdk/design_1_wrapper.hdf

launch_sdk -workspace C:/Users/Sofs/Documents/CR/tp7/tp7.sdk -hwspec C:/Users/Sofs/Documents/CR/tp7/tp7.sdk/design_1_wrapper.hdf
